../Core/Src/main.c:70:6:HAL_UART_RxCpltCallback	16	static
../Core/Src/main.c:76:5:mapOutput	16	static
../Core/Src/main.c:80:6:brakeAndThrottle	24	static
../Core/Src/main.c:97:5:main	8	static
../Core/Src/main.c:163:6:SystemClock_Config	88	static
../Core/Src/main.c:198:13:MX_TIM2_Init	64	static
../Core/Src/main.c:265:13:MX_USART2_UART_Init	8	static
../Core/Src/main.c:298:13:MX_DMA_Init	16	static
../Core/Src/main.c:316:13:MX_GPIO_Init	48	static
../Core/Src/main.c:345:6:Error_Handler	8	static,ignoring_inline_asm
